\BOOKMARK [1][-]{section.1}{\376\377\000I\000n\000t\000r\000o\000d\000u\000c\000t\000i\000o\000n}{}% 1
\BOOKMARK [2][-]{subsection.1.1}{\376\377\000C\000o\000n\000t\000e\000x\000t\000e\000\040\000d\000u\000\040\000p\000r\000o\000j\000e\000t}{section.1}% 2
\BOOKMARK [2][-]{subsection.1.2}{\376\377\000O\000b\000j\000e\000c\000t\000i\000f\000s}{section.1}% 3
\BOOKMARK [2][-]{subsection.1.3}{\376\377\000O\000r\000g\000a\000n\000i\000s\000a\000t\000i\000o\000n\000\040\000d\000u\000\040\000r\000a\000p\000p\000o\000r\000t}{section.1}% 4
\BOOKMARK [1][-]{section.2}{\376\377\000P\000a\000r\000t\000i\000e\000\040\0001\000\040\000-\000\040\000C\000o\000n\000c\000e\000p\000t\000i\000o\000n\000\040\000d\000e\000\040\000l\000a\000\040\000B\000a\000s\000e\000\040\000d\000e\000\040\000D\000o\000n\000n\000\351\000e\000s}{}% 5
\BOOKMARK [2][-]{subsection.2.1}{\376\377\000M\000\351\000t\000h\000o\000d\000o\000l\000o\000g\000i\000e\000\040\000e\000t\000\040\000u\000t\000i\000l\000i\000s\000a\000t\000i\000o\000n\000\040\000d\000e\000\040\000l\000'\000I\000A\000\040\000g\000\351\000n\000\351\000r\000a\000t\000i\000v\000e}{section.2}% 6
\BOOKMARK [3][-]{subsubsection.2.1.1}{\376\377\000O\000u\000t\000i\000l\000s\000\040\000u\000t\000i\000l\000i\000s\000\351\000s}{subsection.2.1}% 7
\BOOKMARK [3][-]{subsubsection.2.1.2}{\376\377\000D\000\351\000m\000a\000r\000c\000h\000e\000\040\000a\000d\000o\000p\000t\000\351\000e}{subsection.2.1}% 8
\BOOKMARK [3][-]{subsubsection.2.1.3}{\376\377\000R\000\351\000s\000u\000l\000t\000a\000t\000s}{subsection.2.1}% 9
\BOOKMARK [3][-]{subsubsection.2.1.4}{\376\377\000A\000n\000a\000l\000y\000s\000e\000\040\000c\000r\000i\000t\000i\000q\000u\000e}{subsection.2.1}% 10
\BOOKMARK [2][-]{subsection.2.2}{\376\377\000I\000n\000t\000e\000r\000p\000r\000\351\000t\000a\000t\000i\000o\000n\000\040\000d\000u\000\040\000c\000a\000h\000i\000e\000r\000\040\000d\000e\000s\000\040\000c\000h\000a\000r\000g\000e\000s}{section.2}% 11
\BOOKMARK [3][-]{subsubsection.2.2.1}{\376\377\000E\000n\000t\000i\000t\000\351\000s\000\040\000p\000r\000i\000n\000c\000i\000p\000a\000l\000e\000s\000\040\000i\000d\000e\000n\000t\000i\000f\000i\000\351\000e\000s}{subsection.2.2}% 12
\BOOKMARK [3][-]{subsubsection.2.2.2}{\376\377\000R\000e\000l\000a\000t\000i\000o\000n\000s\000\040\000e\000n\000t\000r\000e\000\040\000e\000n\000t\000i\000t\000\351\000s}{subsection.2.2}% 13
\BOOKMARK [3][-]{subsubsection.2.2.3}{\376\377\000H\000y\000p\000o\000t\000h\000\350\000s\000e\000s\000\040\000e\000t\000\040\000c\000h\000o\000i\000x\000\040\000d\000e\000\040\000c\000o\000n\000c\000e\000p\000t\000i\000o\000n}{subsection.2.2}% 14
\BOOKMARK [3][-]{subsubsection.2.2.4}{\376\377\000D\000i\000c\000t\000i\000o\000n\000n\000a\000i\000r\000e\000\040\000d\000e\000s\000\040\000a\000t\000t\000r\000i\000b\000u\000t\000s}{subsection.2.2}% 15
\BOOKMARK [2][-]{subsection.2.3}{\376\377\000S\000c\000h\000\351\000m\000a\000\040\000r\000e\000l\000a\000t\000i\000o\000n\000n\000e\000l}{section.2}% 16
\BOOKMARK [3][-]{subsubsection.2.3.1}{\376\377\000V\000u\000e\000\040\000d\000'\000e\000n\000s\000e\000m\000b\000l\000e}{subsection.2.3}% 17
\BOOKMARK [3][-]{subsubsection.2.3.2}{\376\377\000C\000o\000n\000t\000r\000a\000i\000n\000t\000e\000s\000\040\000C\000H\000E\000C\000K}{subsection.2.3}% 18
\BOOKMARK [1][-]{section.3}{\376\377\000P\000a\000r\000t\000i\000e\000\040\0002\000\040\000-\000\040\000P\000e\000u\000p\000l\000e\000m\000e\000n\000t\000\040\000d\000e\000\040\000l\000a\000\040\000B\000a\000s\000e\000\040\000d\000e\000\040\000D\000o\000n\000n\000\351\000e\000s}{}% 19
\BOOKMARK [2][-]{subsection.3.1}{\376\377\000M\000\351\000t\000h\000o\000d\000o\000l\000o\000g\000i\000e}{section.3}% 20
\BOOKMARK [3][-]{subsubsection.3.1.1}{\376\377\000O\000u\000t\000i\000l\000s\000\040\000u\000t\000i\000l\000i\000s\000\351\000s}{subsection.3.1}% 21
\BOOKMARK [3][-]{subsubsection.3.1.2}{\376\377\000D\000\351\000m\000a\000r\000c\000h\000e\000\040\000g\000\351\000n\000\351\000r\000a\000l\000e}{subsection.3.1}% 22
\BOOKMARK [2][-]{subsection.3.2}{\376\377\000A\000r\000c\000h\000i\000t\000e\000c\000t\000u\000r\000e\000\040\000d\000u\000\040\000s\000c\000r\000i\000p\000t\000\040\000P\000y\000t\000h\000o\000n}{section.3}% 23
\BOOKMARK [3][-]{subsubsection.3.2.1}{\376\377\000S\000t\000r\000u\000c\000t\000u\000r\000e\000\040\000d\000u\000\040\000c\000o\000d\000e}{subsection.3.2}% 24
\BOOKMARK [3][-]{subsubsection.3.2.2}{\376\377\000G\000e\000s\000t\000i\000o\000n\000\040\000d\000e\000\040\000l\000'\000i\000n\000t\000\351\000g\000r\000i\000t\000\351\000\040\000r\000\351\000f\000\351\000r\000e\000n\000t\000i\000e\000l\000l\000e}{subsection.3.2}% 25
\BOOKMARK [2][-]{subsection.3.3}{\376\377\000G\000\351\000n\000\351\000r\000a\000t\000i\000o\000n\000\040\000d\000e\000s\000\040\000d\000o\000n\000n\000\351\000e\000s\000\040\000p\000a\000r\000\040\000t\000a\000b\000l\000e}{section.3}% 26
\BOOKMARK [3][-]{subsubsection.3.3.1}{\376\377\000I\000n\000s\000t\000i\000t\000u\000t\000i\000o\000n\000s}{subsection.3.3}% 27
\BOOKMARK [3][-]{subsubsection.3.3.2}{\376\377\000L\000a\000b\000o\000r\000a\000t\000o\000i\000r\000e\000s}{subsection.3.3}% 28
\BOOKMARK [3][-]{subsubsection.3.3.3}{\376\377\000C\000h\000e\000r\000c\000h\000e\000u\000r\000s}{subsection.3.3}% 29
\BOOKMARK [3][-]{subsubsection.3.3.4}{\376\377\000P\000r\000o\000j\000e\000t\000s}{subsection.3.3}% 30
\BOOKMARK [3][-]{subsubsection.3.3.5}{\376\377\000C\000o\000n\000t\000r\000a\000t\000s}{subsection.3.3}% 31
\BOOKMARK [3][-]{subsubsection.3.3.6}{\376\377\000P\000u\000b\000l\000i\000c\000a\000t\000i\000o\000n\000s}{subsection.3.3}% 32
\BOOKMARK [3][-]{subsubsection.3.3.7}{\376\377\000J\000e\000u\000x\000\040\000d\000e\000\040\000d\000o\000n\000n\000\351\000e\000s}{subsection.3.3}% 33
\BOOKMARK [2][-]{subsection.3.4}{\376\377\000C\000o\000h\000\351\000r\000e\000n\000c\000e\000\040\000d\000e\000s\000\040\000d\000o\000n\000n\000\351\000e\000s\000\040\000g\000\351\000n\000\351\000r\000\351\000e\000s}{section.3}% 34
\BOOKMARK [3][-]{subsubsection.3.4.1}{\376\377\000S\000t\000a\000t\000i\000s\000t\000i\000q\000u\000e\000s\000\040\000d\000e\000s\000\040\000d\000o\000n\000n\000\351\000e\000s\000\040\000g\000\351\000n\000\351\000r\000\351\000e\000s}{subsection.3.4}% 35
\BOOKMARK [2][-]{subsection.3.5}{\376\377\000E\000x\000e\000m\000p\000l\000e\000s\000\040\000d\000e\000\040\000c\000o\000d\000e}{section.3}% 36
\BOOKMARK [3][-]{subsubsection.3.5.1}{\376\377\000G\000\351\000n\000\351\000r\000a\000t\000i\000o\000n\000\040\000d\000e\000s\000\040\000p\000r\000o\000j\000e\000t\000s}{subsection.3.5}% 37
\BOOKMARK [3][-]{subsubsection.3.5.2}{\376\377\000G\000\351\000n\000\351\000r\000a\000t\000i\000o\000n\000\040\000d\000e\000s\000\040\000c\000h\000e\000r\000c\000h\000e\000u\000r\000s}{subsection.3.5}% 38
\BOOKMARK [1][-]{section.4}{\376\377\000P\000a\000r\000t\000i\000e\000\040\0003\000\040\000-\000\040\000G\000e\000s\000t\000i\000o\000n\000\040\000d\000e\000s\000\040\000U\000t\000i\000l\000i\000s\000a\000t\000e\000u\000r\000s\000\040\000e\000t\000\040\000C\000r\000\351\000a\000t\000i\000o\000n\000\040\000d\000e\000\040\000V\000u\000e\000s}{}% 39
\BOOKMARK [2][-]{subsection.4.1}{\376\377\000S\000t\000r\000a\000t\000\351\000g\000i\000e\000\040\000d\000e\000\040\000s\000\351\000c\000u\000r\000i\000t\000\351}{section.4}% 40
\BOOKMARK [3][-]{subsubsection.4.1.1}{\376\377\000O\000b\000j\000e\000c\000t\000i\000f\000s}{subsection.4.1}% 41
\BOOKMARK [3][-]{subsubsection.4.1.2}{\376\377\000A\000r\000c\000h\000i\000t\000e\000c\000t\000u\000r\000e\000\040\000d\000e\000s\000\040\000r\000\364\000l\000e\000s}{subsection.4.1}% 42
\BOOKMARK [2][-]{subsection.4.2}{\376\377\000D\000\351\000f\000i\000n\000i\000t\000i\000o\000n\000\040\000d\000e\000s\000\040\000r\000\364\000l\000e\000s}{section.4}% 43
\BOOKMARK [3][-]{subsubsection.4.2.1}{\376\377\000R\000\364\000l\000e\000\040\000C\000h\000e\000r\000c\000h\000e\000u\000r}{subsection.4.2}% 44
\BOOKMARK [3][-]{subsubsection.4.2.2}{\376\377\000R\000\364\000l\000e\000\040\000D\000a\000t\000a\000\040\000M\000a\000n\000a\000g\000e\000r}{subsection.4.2}% 45
\BOOKMARK [3][-]{subsubsection.4.2.3}{\376\377\000R\000\364\000l\000e\000\040\000A\000d\000m\000i\000n\000i\000s\0